<table>
    <tr>
        <td colspan="3"><center><b>Code Size of Memory Statistics Test (example generated with GCC for ARM Cortex-M)</b></center></td>
    </tr>
    <tr>
        <td><b>File</b></td>
        <td><b><center>With -O1 Optimization</center></b></td>
        <td><b><center>With -Os Optimization</center></b></td>
    </tr>
    <tr>
        <td>test.c</td>
        <td><center>10.1K</center></td>
        <td><center>10.1K</center></td>
    </tr>
    <tr>
        <td>empty.c (tagged)</td>
        <td><center>0.1K</center></td>
        <td><center>0.1K</center></td>
    </tr>
    <tr>
        <td><b>Total estimates</b></td>
        <td><b><center>10.2K</center></b></td>
        <td><b><center>10.2K</center></b></td>
    </tr>
</table>
